{
  "version": "1.5.0",
  "plugins_used": [
    {
      "name": "ArtifactoryDetector"
    },
    {
      "name": "AWSKeyDetector"
    },
    {
      "name": "AzureStorageKeyDetector"
    },
    {
      "name": "Base64HighEntropyString",
      "limit": 4.5
    },
    {
      "name": "BasicAuthDetector"
    },
    {
      "name": "CloudantDetector"
    },
    {
      "name": "DiscordBotTokenDetector"
    },
    {
      "name": "GitHubTokenDetector"
    },
    {
      "name": "GitLabTokenDetector"
    },
    {
      "name": "HexHighEntropyString",
      "limit": 3.0
    },
    {
      "name": "IbmCloudIamDetector"
    },
    {
      "name": "IbmCosHmacDetector"
    },
    {
      "name": "IPPublicDetector"
    },
    {
      "name": "JwtTokenDetector"
    },
    {
      "name": "KeywordDetector",
      "keyword_exclude": ""
    },
    {
      "name": "MailchimpDetector"
    },
    {
      "name": "NpmDetector"
    },
    {
      "name": "OpenAIDetector"
    },
    {
      "name": "PrivateKeyDetector"
    },
    {
      "name": "PypiTokenDetector"
    },
    {
      "name": "SendGridDetector"
    },
    {
      "name": "SlackDetector"
    },
    {
      "name": "SoftlayerDetector"
    },
    {
      "name": "SquareOAuthDetector"
    },
    {
      "name": "StripeDetector"
    },
    {
      "name": "TelegramBotTokenDetector"
    },
    {
      "name": "TwilioKeyDetector"
    }
  ],
  "filters_used": [
    {
      "path": "detect_secrets.filters.allowlist.is_line_allowlisted"
    },
    {
      "path": "detect_secrets.filters.common.is_ignored_due_to_verification_policies",
      "min_level": 2
    },
    {
      "path": "detect_secrets.filters.heuristic.is_indirect_reference"
    },
    {
      "path": "detect_secrets.filters.heuristic.is_likely_id_string"
    },
    {
      "path": "detect_secrets.filters.heuristic.is_lock_file"
    },
    {
      "path": "detect_secrets.filters.heuristic.is_not_alphanumeric_string"
    },
    {
      "path": "detect_secrets.filters.heuristic.is_potential_uuid"
    },
    {
      "path": "detect_secrets.filters.heuristic.is_prefixed_with_dollar_sign"
    },
    {
      "path": "detect_secrets.filters.heuristic.is_sequential_string"
    },
    {
      "path": "detect_secrets.filters.heuristic.is_swagger_file"
    },
    {
      "path": "detect_secrets.filters.heuristic.is_templated_secret"
    }
  ],
  "results": {
    ".env.production": [
      {
        "type": "Basic Auth Credentials",
        "filename": ".env.production",
        "hashed_secret": "5baa61e4c9b93f3f0682250b6cf8331b7ee68fd8",
        "is_verified": false,
        "line_number": 19
      }
    ],
    "DEPLOYMENT_TESTING_GUIDE.md": [
      {
        "type": "Basic Auth Credentials",
        "filename": "DEPLOYMENT_TESTING_GUIDE.md",
        "hashed_secret": "5baa61e4c9b93f3f0682250b6cf8331b7ee68fd8",
        "is_verified": false,
        "line_number": 24
      },
      {
        "type": "Secret Keyword",
        "filename": "DEPLOYMENT_TESTING_GUIDE.md",
        "hashed_secret": "45a879c5c5a8b26bfad2584b02dc7df319a728f3",
        "is_verified": false,
        "line_number": 144
      }
    ],
    "ENABLE_AI_FEATURES.md": [
      {
        "type": "Secret Keyword",
        "filename": "ENABLE_AI_FEATURES.md",
        "hashed_secret": "a3e14ca24483c78554c083bc907c7194c7846ef1",
        "is_verified": false,
        "line_number": 70
      }
    ],
    "anthropic.save": [
      {
        "type": "Secret Keyword",
        "filename": "anthropic.save",
        "hashed_secret": "aecdccc1cf64595b34e0cc152d238daabb32183a",
        "is_verified": false,
        "line_number": 4
      }
    ],
    "cloudformation/alphavox-infrastructure.yml": [
      {
        "type": "Secret Keyword",
        "filename": "cloudformation/alphavox-infrastructure.yml",
        "hashed_secret": "b63bf00edb07af6ffba7f7ceb7ed573a913271f7",
        "is_verified": false,
        "line_number": 548
      },
      {
        "type": "Secret Keyword",
        "filename": "cloudformation/alphavox-infrastructure.yml",
        "hashed_secret": "3c056ef1c4826f2c24a898876f7a460b6568c7fc",
        "is_verified": false,
        "line_number": 551
      }
    ],
    "diagnose_learning_hub_mac.py": [
      {
        "type": "Secret Keyword",
        "filename": "diagnose_learning_hub_mac.py",
        "hashed_secret": "a94a8fe5ccb19ba61c4c0873d391e987982fbbd3",
        "is_verified": false,
        "line_number": 134
      }
    ],
    "docs/AWS_KEY_MANAGEMENT.md": [
      {
        "type": "Secret Keyword",
        "filename": "docs/AWS_KEY_MANAGEMENT.md",
        "hashed_secret": "ec3810e10fb78db55ce38b9c18d1c3eb1db739e0",
        "is_verified": false,
        "line_number": 37
      },
      {
        "type": "Secret Keyword",
        "filename": "docs/AWS_KEY_MANAGEMENT.md",
        "hashed_secret": "c7a8c334eef5d1749fface7d42c66f9ae5e8cf36",
        "is_verified": false,
        "line_number": 38
      },
      {
        "type": "Secret Keyword",
        "filename": "docs/AWS_KEY_MANAGEMENT.md",
        "hashed_secret": "6b26c117c66a0c030e239eef595c1e18865132a8",
        "is_verified": false,
        "line_number": 39
      },
      {
        "type": "Secret Keyword",
        "filename": "docs/AWS_KEY_MANAGEMENT.md",
        "hashed_secret": "d6719cb79165d1e6f93aa3221c9f8d5b3726cd16",
        "is_verified": false,
        "line_number": 116
      },
      {
        "type": "Secret Keyword",
        "filename": "docs/AWS_KEY_MANAGEMENT.md",
        "hashed_secret": "df13f9241b40a549b01fac214b58b3b9ed6b20f6",
        "is_verified": false,
        "line_number": 123
      }
    ],
    "tests/conftest.py": [
      {
        "type": "Secret Keyword",
        "filename": "tests/conftest.py",
        "hashed_secret": "d4e0e04792fd434b5dc9c4155c178f66edcf4ed3",
        "is_verified": false,
        "line_number": 62
      }
    ]
  },
  "generated_at": "2025-10-24T17:23:43Z"
}
